[     761ms] [VERBOSE] [DOM] Password field is not contained in a form: (More info: https://goo.gl/9p2vKq) %o @ http://localhost:5173/:0
[    1112ms] [INFO] %cDownload the React DevTools for a better development experience: https://react.dev/link/react-devtools font-weight:bold @ http://localhost:5173/_next/static/chunks/node_modules_next_dist_1e8vcs8._.js:776
[    1204ms] [LOG] [HMR] connected @ http://localhost:5173/_next/static/chunks/node_modules_next_dist_1e8vcs8._.js:776
[   25674ms] [VERBOSE] [DOM] Password field is not contained in a form: (More info: https://goo.gl/9p2vKq) %o @ http://localhost:5173/:0
[   25695ms] [INFO] %cDownload the React DevTools for a better development experience: https://react.dev/link/react-devtools font-weight:bold @ http://localhost:5173/_next/static/chunks/node_modules_next_dist_1e8vcs8._.js:776
[   25738ms] [LOG] [HMR] connected @ http://localhost:5173/_next/static/chunks/node_modules_next_dist_1e8vcs8._.js:776
[   81796ms] [WARNING] Image with src "/pet-reward-chest.png" has either width or height modified, but not the other. If you use CSS to change the size of your image, also include the styles 'width: "auto"' or 'height: "auto"' to maintain the aspect ratio. @ http://localhost:5173/_next/static/chunks/node_modules_next_dist_1e8vcs8._.js:776
[  132716ms] [VERBOSE] [DOM] Password field is not contained in a form: (More info: https://goo.gl/9p2vKq) %o @ http://localhost:5173/:0
[  132752ms] [INFO] %cDownload the React DevTools for a better development experience: https://react.dev/link/react-devtools font-weight:bold @ http://localhost:5173/_next/static/chunks/node_modules_next_dist_1e8vcs8._.js:776
[  132777ms] [LOG] [HMR] connected @ http://localhost:5173/_next/static/chunks/node_modules_next_dist_1e8vcs8._.js:776
[  165494ms] [WARNING] Image with src "/pet-reward-chest.png" has either width or height modified, but not the other. If you use CSS to change the size of your image, also include the styles 'width: "auto"' or 'height: "auto"' to maintain the aspect ratio. @ http://localhost:5173/_next/static/chunks/node_modules_next_dist_1e8vcs8._.js:776
[  813924ms] [LOG] [Fast Refresh] rebuilding @ http://localhost:5173/_next/static/chunks/node_modules_next_dist_1e8vcs8._.js:776
[  814235ms] [LOG] [Fast Refresh] done in 414ms @ http://localhost:5173/_next/static/chunks/node_modules_next_dist_1e8vcs8._.js:776
[  815258ms] [VERBOSE] [DOM] Password field is not contained in a form: (More info: https://goo.gl/9p2vKq) %o @ http://localhost:5173/:0
[  815669ms] [INFO] %cDownload the React DevTools for a better development experience: https://react.dev/link/react-devtools font-weight:bold @ http://localhost:5173/_next/static/chunks/node_modules_next_dist_1e8vcs8._.js:776
[  815728ms] [LOG] [HMR] connected @ http://localhost:5173/_next/static/chunks/node_modules_next_dist_1e8vcs8._.js:776
[  816027ms] [LOG] [Fast Refresh] rebuilding @ http://localhost:5173/_next/static/chunks/node_modules_next_dist_1e8vcs8._.js:776
[  816455ms] [LOG] [Fast Refresh] done in 536ms @ http://localhost:5173/_next/static/chunks/node_modules_next_dist_1e8vcs8._.js:776
[  964913ms] [VERBOSE] [DOM] Password field is not contained in a form: (More info: https://goo.gl/9p2vKq) %o @ http://localhost:5173/:0
[  964933ms] [INFO] %cDownload the React DevTools for a better development experience: https://react.dev/link/react-devtools font-weight:bold @ http://localhost:5173/_next/static/chunks/node_modules_next_dist_1e8vcs8._.js:776
[  964956ms] [LOG] [HMR] connected @ http://localhost:5173/_next/static/chunks/node_modules_next_dist_1e8vcs8._.js:776
[  966419ms] [WARNING] Image with src "/pet-reward-chest.png" has either width or height modified, but not the other. If you use CSS to change the size of your image, also include the styles 'width: "auto"' or 'height: "auto"' to maintain the aspect ratio. @ http://localhost:5173/_next/static/chunks/node_modules_next_dist_1e8vcs8._.js:776
[11093801ms] [ERROR] WebSocket connection to 'ws://localhost:5173/_next/hmr?id=uJaoDDqqDk8DlR8c9R-w2' failed: Error in connection establishment: net::ERR_CONNECTION_REFUSED @ http://localhost:5173/_next/static/chunks/node_modules_next_dist_client_0_90u2t._.js:16348
[11094806ms] [ERROR] WebSocket connection to 'ws://localhost:5173/_next/hmr?id=uJaoDDqqDk8DlR8c9R-w2' failed: Error in connection establishment: net::ERR_CONNECTION_REFUSED @ http://localhost:5173/_next/static/chunks/node_modules_next_dist_client_0_90u2t._.js:16348
[11095810ms] [ERROR] WebSocket connection to 'ws://localhost:5173/_next/hmr?id=uJaoDDqqDk8DlR8c9R-w2' failed: Error in connection establishment: net::ERR_CONNECTION_REFUSED @ http://localhost:5173/_next/static/chunks/node_modules_next_dist_client_0_90u2t._.js:16348
[11096817ms] [ERROR] WebSocket connection to 'ws://localhost:5173/_next/hmr?id=uJaoDDqqDk8DlR8c9R-w2' failed: Error in connection establishment: net::ERR_CONNECTION_REFUSED @ http://localhost:5173/_next/static/chunks/node_modules_next_dist_client_0_90u2t._.js:16348
[11097838ms] [ERROR] WebSocket connection to 'ws://localhost:5173/_next/hmr?id=uJaoDDqqDk8DlR8c9R-w2' failed: Error in connection establishment: net::ERR_CONNECTION_REFUSED @ http://localhost:5173/_next/static/chunks/node_modules_next_dist_client_0_90u2t._.js:16348
[11102855ms] [ERROR] WebSocket connection to 'ws://localhost:5173/_next/hmr?id=uJaoDDqqDk8DlR8c9R-w2' failed: Error in connection establishment: net::ERR_CONNECTION_REFUSED @ http://localhost:5173/_next/static/chunks/node_modules_next_dist_client_0_90u2t._.js:16348
[11107876ms] [ERROR] WebSocket connection to 'ws://localhost:5173/_next/hmr?id=uJaoDDqqDk8DlR8c9R-w2' failed: Error in connection establishment: net::ERR_CONNECTION_REFUSED @ http://localhost:5173/_next/static/chunks/node_modules_next_dist_client_0_90u2t._.js:16348
[11112891ms] [ERROR] WebSocket connection to 'ws://localhost:5173/_next/hmr?id=uJaoDDqqDk8DlR8c9R-w2' failed: Error in connection establishment: net::ERR_CONNECTION_REFUSED @ http://localhost:5173/_next/static/chunks/node_modules_next_dist_client_0_90u2t._.js:16348
[11117924ms] [ERROR] WebSocket connection to 'ws://localhost:5173/_next/hmr?id=uJaoDDqqDk8DlR8c9R-w2' failed: Error in connection establishment: net::ERR_CONNECTION_REFUSED @ http://localhost:5173/_next/static/chunks/node_modules_next_dist_client_0_90u2t._.js:16348
[11122966ms] [ERROR] WebSocket connection to 'ws://localhost:5173/_next/hmr?id=uJaoDDqqDk8DlR8c9R-w2' failed: Error in connection establishment: net::ERR_CONNECTION_REFUSED @ http://localhost:5173/_next/static/chunks/node_modules_next_dist_client_0_90u2t._.js:16348
[11128031ms] [ERROR] WebSocket connection to 'ws://localhost:5173/_next/hmr?id=uJaoDDqqDk8DlR8c9R-w2' failed: Error in connection establishment: net::ERR_CONNECTION_REFUSED @ http://localhost:5173/_next/static/chunks/node_modules_next_dist_client_0_90u2t._.js:16348
[11133186ms] [ERROR] WebSocket connection to 'ws://localhost:5173/_next/hmr?id=uJaoDDqqDk8DlR8c9R-w2' failed: Error in connection establishment: net::ERR_CONNECTION_REFUSED @ http://localhost:5173/_next/static/chunks/node_modules_next_dist_client_0_90u2t._.js:16348
