[    1354ms] [VERBOSE] [DOM] Password field is not contained in a form: (More info: https://goo.gl/9p2vKq) %o @ http://localhost:5173/:0
[    1477ms] [INFO] %cDownload the React DevTools for a better development experience: https://react.dev/link/react-devtools font-weight:bold @ http://localhost:5173/_next/static/chunks/node_modules_next_dist_1e8vcs8._.js:776
[    1596ms] [LOG] [HMR] connected @ http://localhost:5173/_next/static/chunks/node_modules_next_dist_1e8vcs8._.js:776
[    1924ms] [LOG] [Fast Refresh] rebuilding @ http://localhost:5173/_next/static/chunks/node_modules_next_dist_1e8vcs8._.js:776
[    2172ms] [LOG] [Fast Refresh] done in 355ms @ http://localhost:5173/_next/static/chunks/node_modules_next_dist_1e8vcs8._.js:776
[   66353ms] [WARNING] Image with src "/pet-reward-chest.png" has either width or height modified, but not the other. If you use CSS to change the size of your image, also include the styles 'width: "auto"' or 'height: "auto"' to maintain the aspect ratio. @ http://localhost:5173/_next/static/chunks/node_modules_next_dist_1e8vcs8._.js:776
[  293566ms] [LOG] [Fast Refresh] rebuilding @ http://localhost:5173/_next/static/chunks/node_modules_next_dist_1e8vcs8._.js:776
[  294274ms] [LOG] [Fast Refresh] done in 728ms @ http://localhost:5173/_next/static/chunks/node_modules_next_dist_1e8vcs8._.js:776
[  294291ms] [LOG] [Fast Refresh] done in 728ms @ http://localhost:5173/_next/static/chunks/node_modules_next_dist_1e8vcs8._.js:776
[  294333ms] [LOG] [Fast Refresh] done in 728ms @ http://localhost:5173/_next/static/chunks/node_modules_next_dist_1e8vcs8._.js:776
[  294369ms] [VERBOSE] [DOM] Password field is not contained in a form: (More info: https://goo.gl/9p2vKq) %o @ http://localhost:5173/:0
[  348031ms] [LOG] [Fast Refresh] rebuilding @ http://localhost:5173/_next/static/chunks/node_modules_next_dist_1e8vcs8._.js:776
[  354911ms] [ERROR] Failed to load resource: the server responded with a status of 404 (Not Found) @ http://localhost:5173/?_rsc=bFe_VC0g8VplWXKP:0
[  355249ms] [LOG] [Fast Refresh] done in 2114ms @ http://localhost:5173/_next/static/chunks/node_modules_next_dist_1e8vcs8._.js:776
[  355329ms] [VERBOSE] [DOM] Password field is not contained in a form: (More info: https://goo.gl/9p2vKq) %o @ http://localhost:5173/:0
[  355453ms] [INFO] %cDownload the React DevTools for a better development experience: https://react.dev/link/react-devtools font-weight:bold @ http://localhost:5173/_next/static/chunks/node_modules_next_dist_1e8vcs8._.js:776
[  355631ms] [LOG] [HMR] connected @ http://localhost:5173/_next/static/chunks/node_modules_next_dist_1e8vcs8._.js:776
[  401457ms] [LOG] [Fast Refresh] rebuilding @ http://localhost:5173/_next/static/chunks/node_modules_next_dist_1e8vcs8._.js:776
[  401823ms] [ERROR] Failed to load resource: the server responded with a status of 404 (Not Found) @ http://localhost:5173/?_rsc=bFe_VC0g8VplWXKP:0
[  401909ms] [ERROR] Failed to load resource: the server responded with a status of 404 (Not Found) @ http://localhost:5173/?_rsc=bFe_VC0g8VplWXKP:0
[  402182ms] [ERROR] ./app/page.tsx
Error: Module not found: Can't resolve './page.tsx'

https://nextjs.org/docs/messages/module-not-found @ http://localhost:5173/_next/static/chunks/node_modules_next_dist_1e8vcs8._.js:1052
[  402224ms] [ERROR] Failed to load resource: the server responded with a status of 404 (Not Found) @ http://localhost:5173/?_rsc=bFe_VC0g8VplWXKP:0
[  402229ms] [ERROR] ./app/page.tsx
Error: Module not found: Can't resolve './page.tsx'

https://nextjs.org/docs/messages/module-not-found @ http://localhost:5173/_next/static/chunks/node_modules_next_dist_1e8vcs8._.js:1052
[  402250ms] [ERROR] Failed to load resource: the server responded with a status of 404 (Not Found) @ http://localhost:5173/:0
[  402376ms] [INFO] %cDownload the React DevTools for a better development experience: https://react.dev/link/react-devtools font-weight:bold @ http://localhost:5173/_next/static/chunks/node_modules_next_dist_1e8vcs8._.js:776
[  402396ms] [LOG] [HMR] connected @ http://localhost:5173/_next/static/chunks/node_modules_next_dist_1e8vcs8._.js:776
[  449068ms] [LOG] [Fast Refresh] rebuilding @ http://localhost:5173/_next/static/chunks/node_modules_next_dist_1e8vcs8._.js:776
[  449388ms] [ERROR] Failed to load resource: the server responded with a status of 404 (Not Found) @ http://localhost:5173/?_rsc=7TmJZH1YHwSue7fr:0
[  449484ms] [LOG] [Fast Refresh] done in 417ms @ http://localhost:5173/_next/static/chunks/node_modules_next_dist_1e8vcs8._.js:776
[  449950ms] [VERBOSE] [DOM] Password field is not contained in a form: (More info: https://goo.gl/9p2vKq) %o @ http://localhost:5173/:0
[  449965ms] [INFO] %cDownload the React DevTools for a better development experience: https://react.dev/link/react-devtools font-weight:bold @ http://localhost:5173/_next/static/chunks/node_modules_next_dist_1e8vcs8._.js:776
[  450001ms] [LOG] [HMR] connected @ http://localhost:5173/_next/static/chunks/node_modules_next_dist_1e8vcs8._.js:776
[  461998ms] [LOG] [Fast Refresh] rebuilding @ http://localhost:5173/_next/static/chunks/node_modules_next_dist_1e8vcs8._.js:776
[  462427ms] [LOG] [Fast Refresh] done in 530ms @ http://localhost:5173/_next/static/chunks/node_modules_next_dist_1e8vcs8._.js:776
[  489032ms] [LOG] [Fast Refresh] rebuilding @ http://localhost:5173/_next/static/chunks/node_modules_next_dist_1e8vcs8._.js:776
[  489061ms] [LOG] [Fast Refresh] done in 144ms @ http://localhost:5173/_next/static/chunks/node_modules_next_dist_1e8vcs8._.js:776
[  548542ms] [LOG] [Fast Refresh] rebuilding @ http://localhost:5173/_next/static/chunks/node_modules_next_dist_1e8vcs8._.js:776
[  548570ms] [LOG] [Fast Refresh] done in 134ms @ http://localhost:5173/_next/static/chunks/node_modules_next_dist_1e8vcs8._.js:776
[ 1177506ms] [LOG] [Fast Refresh] rebuilding @ http://localhost:5173/_next/static/chunks/node_modules_next_dist_1e8vcs8._.js:776
[ 1178039ms] [LOG] [Fast Refresh] done in 558ms @ http://localhost:5173/_next/static/chunks/node_modules_next_dist_1e8vcs8._.js:776
[ 1213390ms] [LOG] [Fast Refresh] rebuilding @ http://localhost:5173/_next/static/chunks/node_modules_next_dist_1e8vcs8._.js:776
[ 1213436ms] [LOG] [Fast Refresh] done in 71ms @ http://localhost:5173/_next/static/chunks/node_modules_next_dist_1e8vcs8._.js:776
[ 1247663ms] [LOG] [Fast Refresh] rebuilding @ http://localhost:5173/_next/static/chunks/node_modules_next_dist_1e8vcs8._.js:776
[ 1247783ms] [LOG] [Fast Refresh] done in 175ms @ http://localhost:5173/_next/static/chunks/node_modules_next_dist_1e8vcs8._.js:776
[ 1266216ms] [LOG] [Fast Refresh] done in 175ms @ http://localhost:5173/_next/static/chunks/node_modules_next_dist_1e8vcs8._.js:776
[ 1266272ms] [LOG] [Fast Refresh] done in 175ms @ http://localhost:5173/_next/static/chunks/node_modules_next_dist_1e8vcs8._.js:776
[ 1267409ms] [LOG] [Fast Refresh] done in 175ms @ http://localhost:5173/_next/static/chunks/node_modules_next_dist_1e8vcs8._.js:776
[ 1267458ms] [LOG] [Fast Refresh] done in 175ms @ http://localhost:5173/_next/static/chunks/node_modules_next_dist_1e8vcs8._.js:776
[ 1269550ms] [LOG] [Fast Refresh] done in 175ms @ http://localhost:5173/_next/static/chunks/node_modules_next_dist_1e8vcs8._.js:776
[ 1281351ms] [LOG] [Fast Refresh] done in 175ms @ http://localhost:5173/_next/static/chunks/node_modules_next_dist_1e8vcs8._.js:776
[ 1289592ms] [LOG] [Fast Refresh] done in 175ms @ http://localhost:5173/_next/static/chunks/node_modules_next_dist_1e8vcs8._.js:776
[ 1290780ms] [LOG] [Fast Refresh] done in 175ms @ http://localhost:5173/_next/static/chunks/node_modules_next_dist_1e8vcs8._.js:776
[ 1348962ms] [LOG] [Fast Refresh] done in 175ms @ http://localhost:5173/_next/static/chunks/node_modules_next_dist_1e8vcs8._.js:776
[ 1349122ms] [LOG] [Fast Refresh] done in 175ms @ http://localhost:5173/_next/static/chunks/node_modules_next_dist_1e8vcs8._.js:776
[ 1349254ms] [LOG] [Fast Refresh] done in 175ms @ http://localhost:5173/_next/static/chunks/node_modules_next_dist_1e8vcs8._.js:776
[ 1352791ms] [LOG] [Fast Refresh] done in 175ms @ http://localhost:5173/_next/static/chunks/node_modules_next_dist_1e8vcs8._.js:776
[ 1352875ms] [LOG] [Fast Refresh] done in 175ms @ http://localhost:5173/_next/static/chunks/node_modules_next_dist_1e8vcs8._.js:776
[ 1353015ms] [LOG] [Fast Refresh] done in 175ms @ http://localhost:5173/_next/static/chunks/node_modules_next_dist_1e8vcs8._.js:776
[ 1354415ms] [LOG] [Fast Refresh] done in 175ms @ http://localhost:5173/_next/static/chunks/node_modules_next_dist_1e8vcs8._.js:776
[ 1354547ms] [LOG] [Fast Refresh] done in 175ms @ http://localhost:5173/_next/static/chunks/node_modules_next_dist_1e8vcs8._.js:776
[ 1354673ms] [LOG] [Fast Refresh] done in 175ms @ http://localhost:5173/_next/static/chunks/node_modules_next_dist_1e8vcs8._.js:776
